cpu	fill	world-z0	1	584	4229	5715	9385	11255	218538	1703	2408	513	540	3234
cpu	fill	europe-z2.6	1	163	2370	3477	4498	6729	83229	1871	3093	369	540	12755
cpu	fill	alps-z5	1	36	436	684	1113	1364	21025	1775	2284	152	540	9495
cpu	fill	swiss-z8	1	6	295	363	803	1002	7498	2643	3204	127	540	4347
cpu	nofill	world-z0	1	584	9263	11515	9490	11071	81572	2634	3095	269	540	3240
cpu	nofill	europe-z2.6	1	163	4429	5419	4747	5719	49831	2689	3162	309	540	9116
cpu	nofill	alps-z5	1	36	866	1098	1008	1252	16171	2704	3298	164	540	6114
cpu	nofill	swiss-z8	1	6	308	388	724	893	6196	2708	3120	111	540	3598
cpu	off	world-z0	1	0	0	0	665	885	5473	2619	3149	109	540	3202
cpu	off	europe-z2.6	1	0	0	0	717	989	5476	2624	3197	99	540	3208
cpu	off	alps-z5	1	0	0	0	791	963	5472	2688	3182	113	540	3200
cpu	off	swiss-z8	1	0	0	0	784	990	5473	2692	3180	105	540	3202
cpu	fill	world-z0	2	584	6854	7713	14805	16567	218538	2659	3279	717	540	3238
cpu	fill	europe-z2.6	2	163	3126	3512	6063	6657	83229	2741	3277	456	540	12755
cpu	fill	alps-z5	2	36	525	789	1368	2160	21025	2063	3239	190	540	9495
cpu	fill	swiss-z8	2	6	294	408	1578	3819	7498	4820	7881	157	540	4349
cpu	nofill	world-z0	2	584	9361	11155	9611	11641	81572	2704	3323	269	540	3240
cpu	nofill	europe-z2.6	2	163	4281	5544	4701	5968	49831	2460	3738	293	540	9116
cpu	nofill	alps-z5	2	36	853	1130	1014	1251	16171	2677	3040	170	540	6114
cpu	nofill	swiss-z8	2	6	316	417	741	927	6196	2681	3172	105	540	3598
cpu	off	world-z0	2	0	0	0	728	924	5473	2701	3209	106	540	3202
cpu	off	europe-z2.6	2	0	0	0	778	992	5476	2628	3145	115	540	3208
cpu	off	alps-z5	2	0	0	0	854	1094	5472	2732	3274	118	540	3202
cpu	off	swiss-z8	2	0	0	0	702	950	5473	2844	3377	110	540	3202
cpu	fill	world-z0	3	584	6971	8437	15232	17298	218538	2446	3092	730	540	3238
cpu	fill	europe-z2.6	3	163	3036	6549	5757	11349	83229	2404	6973	433	540	12757
cpu	fill	alps-z5	3	36	596	740	1505	1803	21025	2657	3212	218	540	9495
cpu	fill	swiss-z8	3	6	319	383	969	1220	7498	2806	3302	148	540	4347
cpu	nofill	world-z0	3	584	9757	12551	10002	12603	81572	2625	3224	271	540	3242
cpu	nofill	europe-z2.6	3	163	2713	3596	3005	3928	49831	1705	2311	213	540	9116
cpu	nofill	alps-z5	3	36	566	765	750	1062	16171	1800	2518	117	540	6110
cpu	nofill	swiss-z8	3	6	366	453	1000	1306	6196	3158	4131	149	540	3602
cpu	off	world-z0	3	0	0	0	944	2467	5473	2311	5345	119	540	3204
cpu	off	europe-z2.6	3	0	0	0	1048	2007	5476	2600	5811	128	540	3212
cpu	off	alps-z5	3	0	0	0	706	950	5472	2572	3166	103	540	3200
cpu	off	swiss-z8	3	0	0	0	902	1306	5473	1992	3500	124	540	3204
wgpu	fill	world-z0	1	584	6264	9884	13115	18078	218537	3953	11837	764	540	3250
wgpu	fill	europe-z2.6	1	163	3272	4170	6271	7802	83229	3321	3980	512	540	12755
wgpu	fill	alps-z5	1	36	690	902	1867	2472	21025	2153	7894	310	540	9495
wgpu	fill	swiss-z8	1	6	282	394	829	2516	7498	3771	5766	144	540	4347
wgpu	nofill	world-z0	1	584	8742	22942	9209	21180	81571	4192	18513	263	540	3240
wgpu	nofill	europe-z2.6	1	163	4010	9155	4563	10981	49830	3462	6416	305	540	9118
wgpu	nofill	alps-z5	1	36	792	1003	943	1196	16171	2754	3251	163	540	6112
wgpu	nofill	swiss-z8	1	6	312	405	727	1381	6196	2973	3845	108	540	3600
wgpu	off	world-z0	1	0	0	0	856	1603	5473	4406	11052	111	540	3204
wgpu	off	europe-z2.6	1	0	0	0	654	1344	5052	3025	9633	100	540	3216
wgpu	off	alps-z5	1	0	0	0	702	1003	5472	2811	3201	107	540	3202
wgpu	off	swiss-z8	1	0	0	0	748	1030	5473	3598	4317	113	540	3204
wgpu	fill	world-z0	2	584	7359	8807	15386	17733	218538	2852	3797	846	540	3238
wgpu	fill	europe-z2.6	2	163	2654	3915	5619	7449	83229	3090	6287	606	540	12755
wgpu	fill	alps-z5	2	36	670	847	1629	1995	21025	2874	3936	217	540	9493
wgpu	fill	swiss-z8	2	6	316	424	933	1933	7498	3468	9644	135	540	4347
wgpu	nofill	world-z0	2	584	9595	12297	9789	12485	81572	2912	3425	280	540	3236
wgpu	nofill	europe-z2.6	2	163	4416	5555	4753	5945	49831	2851	3142	302	540	9116
wgpu	nofill	alps-z5	2	36	909	1096	1037	1298	16171	2846	3134	166	540	6114
wgpu	nofill	swiss-z8	2	6	313	412	677	958	6196	2880	3123	109	540	3598
wgpu	off	world-z0	2	0	0	0	762	1027	5473	2858	3261	107	540	3204
wgpu	off	europe-z2.6	2	0	0	0	684	927	5476	2861	3610	100	540	3208
wgpu	off	alps-z5	2	0	0	0	761	1019	5472	2974	3592	103	540	3202
wgpu	off	swiss-z8	2	0	0	0	692	932	5473	2856	3188	103	540	3202
wgpu	fill	world-z0	3	584	7053	9009	14987	17479	218538	2852	3204	718	540	3238
wgpu	fill	europe-z2.6	3	163	3148	4056	6092	8011	83229	2980	3695	493	540	12755
wgpu	fill	alps-z5	3	36	610	729	1579	1863	21025	3065	3831	235	540	9495
wgpu	fill	swiss-z8	3	6	303	380	960	1844	7498	3130	3957	144	540	4347
wgpu	nofill	world-z0	3	584	7628	11383	7752	11837	81572	3008	4930	233	540	3240
wgpu	nofill	europe-z2.6	3	163	4354	6024	4761	6386	49831	2953	3274	279	540	9116
wgpu	nofill	alps-z5	3	36	876	1152	1028	1360	16171	2965	3329	174	540	6114
wgpu	nofill	swiss-z8	3	6	280	510	919	1557	6196	3312	4165	129	540	3600
wgpu	off	world-z0	3	0	0	0	768	1028	5473	2911	3256	110	540	3204
wgpu	off	europe-z2.6	3	0	0	0	731	1113	5476	3027	4769	105	540	3210
wgpu	off	alps-z5	3	0	0	0	689	905	5472	2904	3121	105	540	3200
wgpu	off	swiss-z8	3	0	0	0	755	946	5473	2919	3492	106	540	3202
results: doc/trials/portolan-land-frame-cost/runs/2026-10-03-repeats/results.tsv
